---
source: tests/models/main.rs
expression: res
---
Err(
    Custom(
        "{\"email\":[{\"code\":\"invalid email\",\"message\":null}]}",
    ),
)
