---
source: tests/requests/auth.rs
expression: "(response.status_code(), response.text())"
---
(
    200,
    "{\"token\":\"TOKEN\",\"pid\":\"PID\",\"first_name\":\"loco\",\"last_name\":\"loco\",\"is_verified\":false}",
)
